[2024-06-12T18:10:10.282+0000] {local_task_job_runner.py:120} INFO - ::group::Pre task execution logs
[2024-06-12T18:10:10.306+0000] {taskinstance.py:2073} INFO - Dependencies all met for dep_context=non-requeueable deps ti=<TaskInstance: parsing_wb_mpstats.parsing_wb manual__2024-06-12T18:10:00.712525+00:00 [queued]>
[2024-06-12T18:10:10.315+0000] {taskinstance.py:2073} INFO - Dependencies all met for dep_context=requeueable deps ti=<TaskInstance: parsing_wb_mpstats.parsing_wb manual__2024-06-12T18:10:00.712525+00:00 [queued]>
[2024-06-12T18:10:10.316+0000] {taskinstance.py:2303} INFO - Starting attempt 1 of 4
[2024-06-12T18:10:10.327+0000] {taskinstance.py:2327} INFO - Executing <Task(PythonOperator): parsing_wb> on 2024-06-12 18:10:00.712525+00:00
[2024-06-12T18:10:10.335+0000] {warnings.py:110} WARNING - /home/***/.local/lib/python3.12/site-packages/***/task/task_runner/standard_task_runner.py:61: DeprecationWarning: This process (pid=557) is multi-threaded, use of fork() may lead to deadlocks in the child.
  pid = os.fork()

[2024-06-12T18:10:10.337+0000] {standard_task_runner.py:63} INFO - Started process 559 to run task
[2024-06-12T18:10:10.337+0000] {standard_task_runner.py:90} INFO - Running: ['***', 'tasks', 'run', 'parsing_wb_mpstats', 'parsing_wb', 'manual__2024-06-12T18:10:00.712525+00:00', '--job-id', '1431', '--raw', '--subdir', 'DAGS_FOLDER/parsing_wb_mpstats/parsing.py', '--cfg-path', '/tmp/tmpg4vfqc97']
[2024-06-12T18:10:10.338+0000] {standard_task_runner.py:91} INFO - Job 1431: Subtask parsing_wb
[2024-06-12T18:10:10.395+0000] {task_command.py:426} INFO - Running <TaskInstance: parsing_wb_mpstats.parsing_wb manual__2024-06-12T18:10:00.712525+00:00 [running]> on host d40bdb4a74ef
[2024-06-12T18:10:10.502+0000] {taskinstance.py:2644} INFO - Exporting env vars: AIRFLOW_CTX_DAG_OWNER='***' AIRFLOW_CTX_DAG_ID='parsing_wb_mpstats' AIRFLOW_CTX_TASK_ID='parsing_wb' AIRFLOW_CTX_EXECUTION_DATE='2024-06-12T18:10:00.712525+00:00' AIRFLOW_CTX_TRY_NUMBER='1' AIRFLOW_CTX_DAG_RUN_ID='manual__2024-06-12T18:10:00.712525+00:00'
[2024-06-12T18:10:10.504+0000] {taskinstance.py:430} INFO - ::endgroup::
[2024-06-12T18:10:19.976+0000] {logging_mixin.py:188} INFO - 4
[2024-06-12T18:10:25.563+0000] {logging_mixin.py:188} INFO - 6
[2024-06-12T18:10:25.563+0000] {logging_mixin.py:188} INFO - https://seller-analytics-api.wildberries.ru/api/v2/nm-report/downloads
[2024-06-12T18:10:25.564+0000] {logging_mixin.py:188} INFO - 8
[2024-06-12T18:10:29.307+0000] {logging_mixin.py:188} INFO - {'data': [{'id': '1b0db0f2-15a2-4a6a-9299-81e6e168d059', 'createdAt': '2024-06-12 18:10:24', 'status': 'SUCCESS', 'name': 'detail_history_report', 'size': 18367, 'startDate': '2024-05-29', 'endDate': '2024-06-04'}, {'id': '8c7b750b-13e3-4122-8d61-d9af290918ee', 'createdAt': '2024-06-12 18:04:23', 'status': 'SUCCESS', 'name': 'detail_history_report', 'size': 18367, 'startDate': '2024-05-29', 'endDate': '2024-06-04'}, {'id': 'f21ee9d0-1538-485e-b017-07d5cb7d7d03', 'createdAt': '2024-06-12 17:47:22', 'status': 'SUCCESS', 'name': 'detail_history_report', 'size': 18359, 'startDate': '2024-05-29', 'endDate': '2024-06-04'}, {'id': 'f8e91eec-fade-4ccb-b9b0-9324b232a39b', 'createdAt': '2024-06-12 17:38:59', 'status': 'SUCCESS', 'name': 'detail_history_report', 'size': 18360, 'startDate': '2024-05-29', 'endDate': '2024-06-04'}, {'id': 'bb2b456b-2a2c-4308-ba45-0041e009b0cf', 'createdAt': '2024-06-12 17:36:30', 'status': 'SUCCESS', 'name': 'detail_history_report', 'size': 18360, 'startDate': '2024-05-29', 'endDate': '2024-06-04'}, {'id': '7ceb957d-ae7d-4f8c-accd-c8f17535a45e', 'createdAt': '2024-06-12 16:54:24', 'status': 'SUCCESS', 'name': 'detail_history_report', 'size': 42985, 'startDate': '2023-06-12', 'endDate': '2024-06-12'}, {'id': '979a2fe4-b7db-4c9d-a01b-a9a08aac918d', 'createdAt': '2024-06-12 16:48:35', 'status': 'SUCCESS', 'name': 'detail_history_report', 'size': 5651, 'startDate': '2024-05-20', 'endDate': '2024-06-12'}, {'id': '774cf110-220f-4a2d-9979-42ba37a6ae5d', 'createdAt': '2024-06-12 09:25:00', 'status': 'SUCCESS', 'name': 'detail_history_report', 'size': 2001, 'startDate': '2024-05-28', 'endDate': '2024-06-03'}, {'id': 'f51ce3d9-785d-4b65-a90a-c9746dd78c28', 'createdAt': '2024-06-12 07:54:12', 'status': 'SUCCESS', 'name': 'detail_history_report', 'size': 499, 'startDate': '2024-05-28', 'endDate': '2024-06-03'}], 'error': False, 'errorText': '', 'additionalErrors': None}
[2024-06-12T18:10:34.308+0000] {logging_mixin.py:188} INFO - 7
[2024-06-12T18:10:34.659+0000] {logging_mixin.py:188} INFO - 6
[2024-06-12T18:10:34.660+0000] {logging_mixin.py:188} INFO - https://seller-analytics-api.wildberries.ru/api/v2/nm-report/downloads
[2024-06-12T18:10:34.660+0000] {logging_mixin.py:188} INFO - 8
[2024-06-12T18:10:38.595+0000] {logging_mixin.py:188} INFO - {'data': [{'id': 'ee4d6d24-ac66-45c4-8cd6-97d7d20d5518', 'createdAt': '2024-06-12 18:10:34', 'status': 'SUCCESS', 'name': 'detail_history_report', 'size': 18170, 'startDate': '2024-06-05', 'endDate': '2024-06-11'}, {'id': '1b0db0f2-15a2-4a6a-9299-81e6e168d059', 'createdAt': '2024-06-12 18:10:24', 'status': 'SUCCESS', 'name': 'detail_history_report', 'size': 18367, 'startDate': '2024-05-29', 'endDate': '2024-06-04'}, {'id': '8c7b750b-13e3-4122-8d61-d9af290918ee', 'createdAt': '2024-06-12 18:04:23', 'status': 'SUCCESS', 'name': 'detail_history_report', 'size': 18367, 'startDate': '2024-05-29', 'endDate': '2024-06-04'}, {'id': 'f21ee9d0-1538-485e-b017-07d5cb7d7d03', 'createdAt': '2024-06-12 17:47:22', 'status': 'SUCCESS', 'name': 'detail_history_report', 'size': 18359, 'startDate': '2024-05-29', 'endDate': '2024-06-04'}, {'id': 'f8e91eec-fade-4ccb-b9b0-9324b232a39b', 'createdAt': '2024-06-12 17:38:59', 'status': 'SUCCESS', 'name': 'detail_history_report', 'size': 18360, 'startDate': '2024-05-29', 'endDate': '2024-06-04'}, {'id': 'bb2b456b-2a2c-4308-ba45-0041e009b0cf', 'createdAt': '2024-06-12 17:36:30', 'status': 'SUCCESS', 'name': 'detail_history_report', 'size': 18360, 'startDate': '2024-05-29', 'endDate': '2024-06-04'}, {'id': '7ceb957d-ae7d-4f8c-accd-c8f17535a45e', 'createdAt': '2024-06-12 16:54:24', 'status': 'SUCCESS', 'name': 'detail_history_report', 'size': 42985, 'startDate': '2023-06-12', 'endDate': '2024-06-12'}, {'id': '979a2fe4-b7db-4c9d-a01b-a9a08aac918d', 'createdAt': '2024-06-12 16:48:35', 'status': 'SUCCESS', 'name': 'detail_history_report', 'size': 5651, 'startDate': '2024-05-20', 'endDate': '2024-06-12'}, {'id': '774cf110-220f-4a2d-9979-42ba37a6ae5d', 'createdAt': '2024-06-12 09:25:00', 'status': 'SUCCESS', 'name': 'detail_history_report', 'size': 2001, 'startDate': '2024-05-28', 'endDate': '2024-06-03'}, {'id': 'f51ce3d9-785d-4b65-a90a-c9746dd78c28', 'createdAt': '2024-06-12 07:54:12', 'status': 'SUCCESS', 'name': 'detail_history_report', 'size': 499, 'startDate': '2024-05-28', 'endDate': '2024-06-03'}], 'error': False, 'errorText': '', 'additionalErrors': None}
[2024-06-12T18:10:43.596+0000] {logging_mixin.py:188} INFO - 7
[2024-06-12T18:10:43.803+0000] {logging_mixin.py:188} INFO - 5
[2024-06-12T18:10:43.807+0000] {connection_workflow.py:179} INFO - Pika version 1.3.2 connecting to ('172.21.0.2', 5672)
[2024-06-12T18:10:43.808+0000] {io_services_utils.py:345} INFO - Socket connected: <socket.socket fd=97, family=2, type=1, proto=6, laddr=('172.21.0.5', 35750), raddr=('172.21.0.2', 5672)>
[2024-06-12T18:10:43.809+0000] {connection_workflow.py:428} INFO - Streaming transport linked up: (<pika.adapters.utils.io_services_utils._AsyncPlaintextTransport object at 0x7fc721f29730>, _StreamingProtocolShim: <SelectConnection PROTOCOL transport=<pika.adapters.utils.io_services_utils._AsyncPlaintextTransport object at 0x7fc721f29730> params=<ConnectionParameters host=rabbitmq port=5672 virtual_host=/ ssl=False>>).
[2024-06-12T18:10:43.814+0000] {connection_workflow.py:293} INFO - AMQPConnector - reporting success: <SelectConnection OPEN transport=<pika.adapters.utils.io_services_utils._AsyncPlaintextTransport object at 0x7fc721f29730> params=<ConnectionParameters host=rabbitmq port=5672 virtual_host=/ ssl=False>>
[2024-06-12T18:10:43.814+0000] {connection_workflow.py:725} INFO - AMQPConnectionWorkflow - reporting success: <SelectConnection OPEN transport=<pika.adapters.utils.io_services_utils._AsyncPlaintextTransport object at 0x7fc721f29730> params=<ConnectionParameters host=rabbitmq port=5672 virtual_host=/ ssl=False>>
[2024-06-12T18:10:43.814+0000] {blocking_connection.py:453} INFO - Connection workflow succeeded: <SelectConnection OPEN transport=<pika.adapters.utils.io_services_utils._AsyncPlaintextTransport object at 0x7fc721f29730> params=<ConnectionParameters host=rabbitmq port=5672 virtual_host=/ ssl=False>>
[2024-06-12T18:10:43.815+0000] {blocking_connection.py:1264} INFO - Created channel=1
[2024-06-12T18:10:43.817+0000] {blocking_connection.py:802} INFO - Closing connection (200): Normal shutdown
[2024-06-12T18:10:43.817+0000] {channel.py:536} INFO - Closing channel (200): 'Normal shutdown' on <Channel number=1 OPEN conn=<SelectConnection OPEN transport=<pika.adapters.utils.io_services_utils._AsyncPlaintextTransport object at 0x7fc721f29730> params=<ConnectionParameters host=rabbitmq port=5672 virtual_host=/ ssl=False>>>
[2024-06-12T18:10:43.818+0000] {channel.py:1133} INFO - Received <Channel.CloseOk> on <Channel number=1 CLOSING conn=<SelectConnection OPEN transport=<pika.adapters.utils.io_services_utils._AsyncPlaintextTransport object at 0x7fc721f29730> params=<ConnectionParameters host=rabbitmq port=5672 virtual_host=/ ssl=False>>>
[2024-06-12T18:10:43.818+0000] {connection.py:1316} INFO - Closing connection (200): 'Normal shutdown'
[2024-06-12T18:10:43.819+0000] {io_services_utils.py:731} INFO - Aborting transport connection: state=1; <socket.socket fd=97, family=2, type=1, proto=6, laddr=('172.21.0.5', 35750), raddr=('172.21.0.2', 5672)>
[2024-06-12T18:10:43.819+0000] {io_services_utils.py:904} INFO - _AsyncTransportBase._initate_abort(): Initiating abrupt asynchronous transport shutdown: state=1; error=None; <socket.socket fd=97, family=2, type=1, proto=6, laddr=('172.21.0.5', 35750), raddr=('172.21.0.2', 5672)>
[2024-06-12T18:10:43.819+0000] {io_services_utils.py:869} INFO - Deactivating transport: state=1; <socket.socket fd=97, family=2, type=1, proto=6, laddr=('172.21.0.5', 35750), raddr=('172.21.0.2', 5672)>
[2024-06-12T18:10:43.820+0000] {connection.py:2017} INFO - AMQP stack terminated, failed to connect, or aborted: opened=True, error-arg=None; pending-error=ConnectionClosedByClient: (200) 'Normal shutdown'
[2024-06-12T18:10:43.820+0000] {connection.py:2086} INFO - Stack terminated due to ConnectionClosedByClient: (200) 'Normal shutdown'
[2024-06-12T18:10:43.821+0000] {io_services_utils.py:882} INFO - Closing transport socket and unlinking: state=3; <socket.socket fd=97, family=2, type=1, proto=6, laddr=('172.21.0.5', 35750), raddr=('172.21.0.2', 5672)>
[2024-06-12T18:10:43.821+0000] {blocking_connection.py:525} INFO - User-initiated close: result=(<SelectConnection CLOSED transport=None params=<ConnectionParameters host=rabbitmq port=5672 virtual_host=/ ssl=False>>, ConnectionClosedByClient: (200) 'Normal shutdown')
[2024-06-12T18:10:43.821+0000] {taskinstance.py:441} INFO - ::group::Post task execution logs
[2024-06-12T18:10:43.822+0000] {taskinstance.py:2890} ERROR - Task failed with exception
Traceback (most recent call last):
  File "/opt/airflow/dags/parsing_wb_mpstats/parsing_wb.py", line 343, in main
    data_all_nmids_current, data_all_nmids_previous = get_data_from_wb(nmids)
                                                      ^^^^^^^^^^^^^^^^^^^^^^^
  File "/opt/airflow/dags/parsing_wb_mpstats/parsing_wb.py", line 326, in get_data_from_wb
    if nmid in data_all_nmids_previous:
       ^^^^^^^^^^^^^^^^^^^^^^^^^^^^^^^
TypeError: argument of type 'NoneType' is not iterable

During handling of the above exception, another exception occurred:

Traceback (most recent call last):
  File "/home/airflow/.local/lib/python3.12/site-packages/airflow/models/taskinstance.py", line 465, in _execute_task
    result = _execute_callable(context=context, **execute_callable_kwargs)
             ^^^^^^^^^^^^^^^^^^^^^^^^^^^^^^^^^^^^^^^^^^^^^^^^^^^^^^^^^^^^^
  File "/home/airflow/.local/lib/python3.12/site-packages/airflow/models/taskinstance.py", line 432, in _execute_callable
    return execute_callable(context=context, **execute_callable_kwargs)
           ^^^^^^^^^^^^^^^^^^^^^^^^^^^^^^^^^^^^^^^^^^^^^^^^^^^^^^^^^^^^
  File "/home/airflow/.local/lib/python3.12/site-packages/airflow/models/baseoperator.py", line 400, in wrapper
    return func(self, *args, **kwargs)
           ^^^^^^^^^^^^^^^^^^^^^^^^^^^
  File "/home/airflow/.local/lib/python3.12/site-packages/airflow/operators/python.py", line 235, in execute
    return_value = self.execute_callable()
                   ^^^^^^^^^^^^^^^^^^^^^^^
  File "/home/airflow/.local/lib/python3.12/site-packages/airflow/operators/python.py", line 252, in execute_callable
    return self.python_callable(*self.op_args, **self.op_kwargs)
           ^^^^^^^^^^^^^^^^^^^^^^^^^^^^^^^^^^^^^^^^^^^^^^^^^^^^^
  File "/opt/airflow/dags/parsing_wb_mpstats/parsing.py", line 36, in get_nmids_and_run_parsing_wb
    return main_wb(nmids=result['nmids'])
           ^^^^^^^^^^^^^^^^^^^^^^^^^^^^^^
  File "/opt/airflow/dags/parsing_wb_mpstats/parsing_wb.py", line 352, in main
    raise Exception
Exception
[2024-06-12T18:10:43.839+0000] {taskinstance.py:1205} INFO - Marking task as UP_FOR_RETRY. dag_id=parsing_wb_mpstats, task_id=parsing_wb, execution_date=20240612T181000, start_date=20240612T181010, end_date=20240612T181043
[2024-06-12T18:10:43.853+0000] {standard_task_runner.py:110} ERROR - Failed to execute job 1431 for task parsing_wb (; 559)
[2024-06-12T18:10:43.887+0000] {local_task_job_runner.py:240} INFO - Task exited with return code 1
[2024-06-12T18:10:43.906+0000] {taskinstance.py:3482} INFO - 0 downstream tasks scheduled from follow-on schedule check
[2024-06-12T18:10:43.907+0000] {local_task_job_runner.py:222} INFO - ::endgroup::
